[0m11:09:02.258866 [debug] [MainThread]: Sending event: {'category': 'dbt', 'action': 'invocation', 'label': 'start', 'context': [<snowplow_tracker.self_describing_json.SelfDescribingJson object at 0x109911a10>, <snowplow_tracker.self_describing_json.SelfDescribingJson object at 0x1098a6e50>, <snowplow_tracker.self_describing_json.SelfDescribingJson object at 0x109933590>]}


============================== 11:09:02.260386 | a0b8f82a-3d6d-4da8-bdfa-7190bead8e2d ==============================
[0m11:09:02.260386 [info ] [MainThread]: Running with dbt=1.11.2
[0m11:09:02.260622 [debug] [MainThread]: running dbt with arguments {'partial_parse': 'True', 'indirect_selection': 'eager', 'fail_fast': 'False', 'use_colors': 'True', 'quiet': 'False', 'invocation_command': 'dbt init jaffle_shop', 'log_path': 'logs', 'introspect': 'True', 'warn_error_options': 'WarnErrorOptionsV2(error=[], warn=[], silence=[])', 'use_experimental_parser': 'False', 'static_parser': 'True', 'profiles_dir': '/Users/cloudysunday/.dbt', 'printer_width': '80', 'write_json': 'True', 'no_print': 'None', 'version_check': 'True', 'target_path': 'None', 'cache_selected_only': 'False', 'debug': 'False', 'warn_error': 'None', 'send_anonymous_usage_stats': 'True', 'empty': 'None', 'log_format': 'default', 'log_cache_events': 'False'}
[0m11:09:02.268224 [debug] [MainThread]: Starter project path: /opt/homebrew/lib/python3.11/site-packages/dbt/include/starter_project
[0m11:09:02.270518 [info ] [MainThread]: 
Your new dbt project "jaffle_shop" was created!

For more information on how to configure the profiles.yml file,
please consult the dbt documentation here:

  https://docs.getdbt.com/docs/configure-your-profile

One more thing:

Need help? Don't hesitate to reach out to us via GitHub issues or on Slack:

  https://community.getdbt.com/

Happy modeling!

[0m11:09:02.270640 [info ] [MainThread]: Setting up your profile.
[0m11:10:35.150936 [info ] [MainThread]: Profile jaffle_shop written to /Users/cloudysunday/.dbt/profiles.yml using target's profile_template.yml and your supplied values. Run 'dbt debug' to validate the connection.
[0m11:10:35.165599 [debug] [MainThread]: Resource report: {"command_name": "init", "command_success": true, "command_wall_clock_time": 92.99746, "process_in_blocks": "0", "process_kernel_time": 0.568701, "process_mem_max_rss": "380125184", "process_out_blocks": "0", "process_user_time": 1.822637}
[0m11:10:35.166843 [debug] [MainThread]: Command `dbt init` succeeded at 11:10:35.166726 after 93.00 seconds
[0m11:10:35.167320 [debug] [MainThread]: Sending event: {'category': 'dbt', 'action': 'invocation', 'label': 'end', 'context': [<snowplow_tracker.self_describing_json.SelfDescribingJson object at 0x104f08f50>, <snowplow_tracker.self_describing_json.SelfDescribingJson object at 0x109933b50>, <snowplow_tracker.self_describing_json.SelfDescribingJson object at 0x109933310>]}
[0m11:10:35.167774 [debug] [MainThread]: Flushing usage events
[0m11:10:36.487159 [debug] [MainThread]: An error was encountered while trying to flush usage events
